
=== Serial Device Check ===
Timestamp: 2025-07-14 02:05:33.935833

=== Available Serial Devices ===

USB Serial devices (/dev/ttyUSB*):
CHANGELOG.md
check_serial_devices.py
CLAUDE.md
commit-push.sh
config
diagnose_serial.py
fix_serial_echo.py
install_tinyllm_rpi.sh
logs
main.py
python_prompt.md
README.md
README_RASPBERRY_PI.md
requirements.txt
setup.sh
src
test_ollama.py
test_response_sending.py
tests
test_serial_loopback.py


ACM devices (/dev/ttyACM*):
CHANGELOG.md
check_serial_devices.py
CLAUDE.md
commit-push.sh
config
diagnose_serial.py
fix_serial_echo.py
install_tinyllm_rpi.sh
logs
main.py
python_prompt.md
README.md
README_RASPBERRY_PI.md
requirements.txt
setup.sh
src
test_ollama.py
test_response_sending.py
tests
test_serial_loopback.py


=== Recent USB Serial Messages (dmesg) ===
[    0.000000] Booting Linux on physical CPU 0x0000000000 [0x414fd0b1]
[    0.000000] Linux version 6.12.34+rpt-rpi-2712 (serge@raspberrypi.com) (aarch64-linux-gnu-gcc-12 (Debian 12.2.0-14+deb12u1) 12.2.0, GNU ld (GNU Binutils for Debian) 2.40) #1 SMP PREEMPT Debian 1:6.12.34-1+rpt1~bookworm (2025-06-26)
[    0.000000] KASLR enabled
[    0.000000] random: crng init done
[    0.000000] Machine model: Raspberry Pi 5 Model B Rev 1.0
[    0.000000] efi: UEFI not found.
[    0.000000] Reserved memory: created CMA memory pool at 0x000000003a000000, size 64 MiB
[    0.000000] OF: reserved mem: initialized node linux,cma, compatible id shared-dma-pool
[    0.000000] OF: reserved mem: 0x000000003a000000..0x000000003dffffff (65536 KiB) map reusable linux,cma
[    0.000000] OF: reserved mem: 0x0000000000000000..0x000000000007ffff (512 KiB) nomap non-reusable atf@0
[    0.000000] OF: reserved mem: 0x000000003fd165c0..0x000000003fd165f6 (0 KiB) nomap non-reusable nvram@0
[    0.000000] NUMA: Faking a node at [mem 0x0000000000000000-0x00000000ffffffff]
[    0.000000] Faking node 0 at [mem 0x0000000000000000-0x000000001fffffff] (512MB)
[    0.000000] Faking node 1 at [mem 0x0000000020000000-0x000000003fffffff] (512MB)
[    0.000000] Faking node 2 at [mem 0x0000000040000000-0x000000005fffffff] (512MB)
[    0.000000] Faking node 3 at [mem 0x0000000060000000-0x000000007fffffff] (512MB)
[    0.000000] Faking node 4 at [mem 0x0000000080000000-0x000000009fffffff] (512MB)
[    0.000000] Faking node 5 at [mem 0x00000000a0000000-0x00000000bfffffff] (512MB)
[    0.000000] Faking node 6 at [mem 0x00000000c0000000-0x00000000dfffffff] (512MB)
[    0.000000] Faking node 7 at [mem 0x00000000e0000000-0x00000000ffffffff] (512MB)
[    0.000000] NUMA: Initialized distance table, cnt=8
[    0.000000] NODE_DATA(0) allocated [mem 0x1fffd200-0x1fffffff]
[    0.000000] NODE_DATA(1) allocated [mem 0x3f7fd200-0x3f7fffff]
[    0.000000] NODE_DATA(2) allocated [mem 0x5fffd200-0x5fffffff]
[    0.000000] NODE_DATA(3) allocated [mem 0x7fffd200-0x7fffffff]
[    0.000000] NODE_DATA(4) allocated [mem 0x9fffd200-0x9fffffff]
[    0.000000] NODE_DATA(5) allocated [mem 0xbfffd200-0xbfffffff]
[    0.000000] NODE_DATA(6) allocated [mem 0xdfffd200-0xdfffffff]
[    0.000000] NODE_DATA(7) allocated [mem 0xffd99200-0xffd9bfff]
[    0.000000] Zone ranges:
[    0.000000]   DMA      [mem 0x0000000000000000-0x00000000ffffffff]
[    0.000000]   DMA32    empty
[    0.000000]   Normal   empty
[    0.000000] Movable zone start for each node
[    0.000000] Early memory node ranges
[    0.000000]   node   0: [mem 0x0000000000000000-0x000000000007ffff]
[    0.000000]   node   0: [mem 0x0000000000080000-0x000000001fffffff]
[    0.000000]   node   1: [mem 0x0000000020000000-0x000000003f7fffff]
[    0.000000]   node   2: [mem 0x0000000040000000-0x000000005fffffff]
[    0.000000]   node   3: [mem 0x0000000060000000-0x000000007fffffff]
[    0.000000]   node   4: [mem 0x0000000080000000-0x000000009fffffff]
[    0.000000]   node   5: [mem 0x00000000a0000000-0x00000000bfffffff]
[    0.000000]   node   6: [mem 0x00000000c0000000-0x00000000dfffffff]
[    0.000000]   node   7: [mem 0x00000000e0000000-0x00000000ffffffff]
[    0.000000] Initmem setup node 0 [mem 0x0000000000000000-0x000000001fffffff]
[    0.000000] Initmem setup node 1 [mem 0x0000000020000000-0x000000003f7fffff]
[    0.000000] Initmem setup node 2 [mem 0x0000000040000000-0x000000005fffffff]
[    0.000000] Initmem setup node 3 [mem 0x0000000060000000-0x000000007fffffff]
[    0.000000] Initmem setup node 4 [mem 0x0000000080000000-0x000000009fffffff]
[    0.000000] Initmem setup node 5 [mem 0x00000000a0000000-0x00000000bfffffff]
[    0.000000] Initmem setup node 6 [mem 0x00000000c0000000-0x00000000dfffffff]
[    0.000000] Initmem setup node 7 [mem 0x00000000e0000000-0x00000000ffffffff]
[    0.000000] On node 2, zone DMA: 512 pages in unavailable ranges
[    0.000000] psci: probing for conduit method from DT.
[    0.000000] psci: PSCIv1.1 detected in firmware.
[    0.000000] psci: Using standard PSCI v0.2 function IDs
[    0.000000] psci: MIGRATE_INFO_TYPE not supported.
[    0.000000] psci: SMC Calling Convention v1.2
[    0.000000] percpu: Embedded 15 pages/cpu s193368 r8192 d44200 u245760
[    0.000000] pcpu-alloc: s193368 r8192 d44200 u245760 alloc=15*16384
[    0.000000] pcpu-alloc: [0] 0 [0] 1 [0] 2 [0] 3 
[    0.000000] Detected PIPT I-cache on CPU0
[    0.000000] CPU features: detected: Virtualization Host Extensions
[    0.000000] CPU features: detected: Spectre-v4
[    0.000000] CPU features: detected: Spectre-BHB
[    0.000000] CPU features: kernel page table isolation forced ON by KASLR
[    0.000000] CPU features: detected: Kernel page table isolation (KPTI)
[    0.000000] CPU features: detected: SSBS not fully self-synchronizing
[    0.000000] alternatives: applying boot alternatives
[    0.000000] Kernel command line: reboot=w coherent_pool=1M 8250.nr_uarts=1 pci=pcie_bus_safe cgroup_disable=memory numa_policy=interleave nvme.max_host_mem_size_mb=0  numa=fake=8 system_heap.max_order=0 smsc95xx.macaddr=D8:3A:DD:BF:13:6D vc_mem.mem_base=0x3fc00000 vc_mem.mem_size=0x40000000  console=ttyAMA10,115200 console=tty1 root=PARTUUID=2a69a05e-02 rootfstype=ext4 fsck.repair=yes rootwait quiet splash plymouth.ignore-serial-consoles cfg80211.ieee80211_regdom=US
[    0.000000] cgroup: Disabling memory control group subsystem
[    0.000000] mempolicy: NUMA default policy overridden to 'interleave:0-7'
[    0.000000] Unknown kernel command line parameters "splash", will be passed to user space.
[    0.000000] Fallback order for Node 0: 0 1 2 3 4 5 6 7 
[    0.000000] Fallback order for Node 1: 1 2 3 4 5 6 7 0 
[    0.000000] Fallback order for Node 2: 2 3 4 5 6 7 0 1 
[    0.000000] Fallback order for Node 3: 3 4 5 6 7 0 1 2 
[    0.000000] Fallback order for Node 4: 4 5 6 7 0 1 2 3 
[    0.000000] Fallback order for Node 5: 5 6 7 0 1 2 3 4 
[    0.000000] Fallback order for Node 6: 6 7 0 1 2 3 4 5 
[    0.000000] Fallback order for Node 7: 7 0 1 2 3 4 5 6 
[    0.000000] Built 8 zonelists, mobility grouping on.  Total pages: 261632
[    0.000000] Policy zone: DMA
[    0.000000] mem auto-init: stack:all(zero), heap alloc:off, heap free:off
[    0.000000] SLUB: HWalign=64, Order=0-3, MinObjects=0, CPUs=4, Nodes=8
[    0.000000] ftrace: allocating 45269 entries in 45 pages
[    0.000000] ftrace: allocated 45 pages with 4 groups
[    0.000000] rcu: Preemptible hierarchical RCU implementation.
[    0.000000] rcu: 	RCU event tracing is enabled.
[    0.000000] 	Trampoline variant of Tasks RCU enabled.
[    0.000000] 	Rude variant of Tasks RCU enabled.
[    0.000000] 	Tracing variant of Tasks RCU enabled.
[    0.000000] rcu: RCU calculated value of scheduler-enlistment delay is 25 jiffies.
[    0.000000] RCU Tasks: Setting shift to 2 and lim to 1 rcu_task_cb_adjust=1 rcu_task_cpu_ids=4.
[    0.000000] RCU Tasks Rude: Setting shift to 2 and lim to 1 rcu_task_cb_adjust=1 rcu_task_cpu_ids=4.
[    0.000000] RCU Tasks Trace: Setting shift to 2 and lim to 1 rcu_task_cb_adjust=1 rcu_task_cpu_ids=4.
[    0.000000] NR_IRQS: 64, nr_irqs: 64, preallocated irqs: 0
[    0.000000] Root IRQ handler: gic_handle_irq
[    0.000000] GIC: Using split EOI/Deactivate mode
[    0.000000] rcu: srcu_init: Setting srcu_struct sizes based on contention.
[    0.000000] arch_timer: cp15 timer(s) running at 54.00MHz (phys).
[    0.000000] clocksource: arch_sys_counter: mask: 0xffffffffffffff max_cycles: 0xc743ce346, max_idle_ns: 440795203123 ns
[    0.000000] sched_clock: 56 bits at 54MHz, resolution 18ns, wraps every 4398046511102ns
[    0.000095] Console: colour dummy device 80x25
[    0.000099] printk: legacy console [tty1] enabled
[    0.000173] Calibrating delay loop (skipped), value calculated using timer frequency.. 108.00 BogoMIPS (lpj=216000)
[    0.000178] pid_max: default: 32768 minimum: 301
[    0.000271] LSM: initializing lsm=capability
[    0.001062] Dentry cache hash table entries: 524288 (order: 8, 4194304 bytes, vmalloc)
[    0.001457] Inode-cache hash table entries: 262144 (order: 7, 2097152 bytes, vmalloc)
[    0.001493] Mount-cache hash table entries: 8192 (order: 2, 65536 bytes, vmalloc)
[    0.001504] Mountpoint-cache hash table entries: 8192 (order: 2, 65536 bytes, vmalloc)
[    0.002231] rcu: Hierarchical SRCU implementation.
[    0.002236] rcu: 	Max phase no-delay instances is 1000.
[    0.002276] Timer migration: 1 hierarchy levels; 8 children per group; 0 crossnode level
[    0.002635] EFI services will not be available.
[    0.002702] smp: Bringing up secondary CPUs ...
[    0.002890] Detected PIPT I-cache on CPU1
[    0.002929] CPU1: Booted secondary processor 0x0000000100 [0x414fd0b1]
[    0.003153] Detected PIPT I-cache on CPU2
[    0.003181] CPU2: Booted secondary processor 0x0000000200 [0x414fd0b1]
[    0.003380] Detected PIPT I-cache on CPU3
[    0.003399] CPU3: Booted secondary processor 0x0000000300 [0x414fd0b1]
[    0.003427] smp: Brought up 8 nodes, 4 CPUs
[    0.003432] SMP: Total of 4 processors activated.
[    0.003433] CPU: All CPU(s) started at EL2
[    0.003436] CPU features: detected: 32-bit EL0 Support
[    0.003439] CPU features: detected: Data cache clean to the PoU not required for I/D coherence
[    0.003440] CPU features: detected: Common not Private translations
[    0.003442] CPU features: detected: CRC32 instructions
[    0.003444] CPU features: detected: RCpc load-acquire (LDAPR)
[    0.003445] CPU features: detected: LSE atomic instructions
[    0.003447] CPU features: detected: Privileged Access Never
[    0.003448] CPU features: detected: RAS Extension Support
[    0.003449] CPU features: detected: Speculative Store Bypassing Safe (SSBS)
[    0.003476] alternatives: applying system-wide alternatives
[    0.005002] CPU features: detected: Hardware dirty bit management on CPU0-3
[    0.005177] Memory: 4034816K/4186112K available (14208K kernel code, 2418K rwdata, 4928K rodata, 5696K init, 647K bss, 61728K reserved, 65536K cma-reserved)
[    0.005336] devtmpfs: initialized
[    0.007202] Enabled cp15_barrier support
[    0.007207] Enabled setend support
[    0.007249] clocksource: jiffies: mask: 0xffffffff max_cycles: 0xffffffff, max_idle_ns: 7645041785100000 ns
[    0.007255] futex hash table entries: 1024 (order: 2, 65536 bytes, vmalloc)
[    0.007366] 2G module region forced by RANDOMIZE_MODULE_REGION_FULL
[    0.007368] 0 pages in range for non-PLT usage
[    0.007369] 129308 pages in range for PLT usage
[    0.007453] pinctrl core: initialized pinctrl subsystem
[    0.007569] DMI not present or invalid.
[    0.011645] NET: Registered PF_NETLINK/PF_ROUTE protocol family
[    0.011982] DMA: preallocated 1024 KiB GFP_KERNEL pool for atomic allocations
[    0.012009] DMA: preallocated 1024 KiB GFP_KERNEL|GFP_DMA pool for atomic allocations
[    0.012038] DMA: preallocated 1024 KiB GFP_KERNEL|GFP_DMA32 pool for atomic allocations
[    0.012052] audit: initializing netlink subsys (disabled)
[    0.012096] audit: type=2000 audit(0.008:1): state=initialized audit_enabled=0 res=1
[    0.012195] thermal_sys: Registered thermal governor 'step_wise'
[    0.012203] cpuidle: using governor menu
[    0.012267] hw-breakpoint: found 6 breakpoint and 4 watchpoint registers.
[    0.012287] ASID allocator initialised with 32768 entries
[    0.012511] Serial: AMBA PL011 UART driver
[    0.013255] /soc@107c000000/interrupt-controller@7fff9000: Fixed dependency cycle(s) with /soc@107c000000/interrupt-controller@7fff9000
[    0.013409] bcm2835-mbox 107c013880.mailbox: mailbox enabled
[    0.013529] 107d001000.serial: ttyAMA10 at MMIO 0x107d001000 (irq = 16, base_baud = 0) is a PL011 rev3
[    0.013537] printk: legacy console [ttyAMA10] enabled
[    0.021018] raspberrypi-firmware soc@107c000000:firmware: Attached to firmware from 2025-05-08T14:13:17, variant start_cd
[    0.025018] raspberrypi-firmware soc@107c000000:firmware: Firmware hash is 6947117700000000000000000000000000000000
[    0.033606] bcm2835-dma 1000010000.dma: DMA legacy API manager, dmachans=0x1
[    0.033851] iommu: Default domain type: Translated
[    0.033853] iommu: DMA domain TLB invalidation policy: strict mode
[    0.034114] SCSI subsystem initialized
[    0.034143] usbcore: registered new interface driver usbfs
[    0.034149] usbcore: registered new interface driver hub
[    0.034154] usbcore: registered new device driver usb
[    0.034225] pps_core: LinuxPPS API ver. 1 registered
[    0.034227] pps_core: Software ver. 5.3.6 - Copyright 2005-2007 Rodolfo Giometti <giometti@linux.it>
[    0.034230] PTP clock support registered
[    0.034472] vgaarb: loaded
[    0.034555] clocksource: Switched to clocksource arch_sys_counter
[    0.240907] VFS: Disk quotas dquot_6.6.0
[    0.240920] VFS: Dquot-cache hash table entries: 2048 (order 0, 16384 bytes)
[    0.242118] NET: Registered PF_INET protocol family
[    0.242231] IP idents hash table entries: 65536 (order: 5, 524288 bytes, vmalloc)
[    0.243075] tcp_listen_portaddr_hash hash table entries: 2048 (order: 1, 32768 bytes, vmalloc)
[    0.243104] Table-perturb hash table entries: 65536 (order: 4, 262144 bytes, vmalloc)
[    0.243111] TCP established hash table entries: 32768 (order: 4, 262144 bytes, vmalloc)
[    0.243220] TCP bind hash table entries: 32768 (order: 6, 1048576 bytes, vmalloc)
[    0.243550] TCP: Hash tables configured (established 32768 bind 32768)
[    0.243634] MPTCP token hash table entries: 4096 (order: 2, 98304 bytes, vmalloc)
[    0.243664] UDP hash table entries: 2048 (order: 2, 65536 bytes, vmalloc)
[    0.243700] UDP-Lite hash table entries: 2048 (order: 2, 65536 bytes, vmalloc)
[    0.243766] NET: Registered PF_UNIX/PF_LOCAL protocol family
[    0.243908] RPC: Registered named UNIX socket transport module.
[    0.243910] RPC: Registered udp transport module.
[    0.243911] RPC: Registered tcp transport module.
[    0.243912] RPC: Registered tcp-with-tls transport module.
[    0.243913] RPC: Registered tcp NFSv4.1 backchannel transport module.
[    0.243918] PCI: CLS 0 bytes, default 64
[    0.244026] Trying to unpack rootfs image as initramfs...
[    0.251630] kvm [1]: nv: 554 coarse grained trap handlers
[    0.251720] kvm [1]: IPA Size Limit: 40 bits
[    0.251736] kvm [1]: GICV region size/alignment is unsafe, using trapping (reduced performance)
[    0.251773] kvm [1]: vgic interrupt IRQ9
[    0.251785] kvm [1]: VHE mode initialized successfully
[    0.252264] Initialise system trusted keyrings
[    0.252441] workingset: timestamp_bits=42 max_order=18 bucket_order=0
[    0.252739] NFS: Registering the id_resolver key type
[    0.252746] Key type id_resolver registered
[    0.252748] Key type id_legacy registered
[    0.252758] nfs4filelayout_init: NFSv4 File Layout Driver Registering...
[    0.252760] nfs4flexfilelayout_init: NFSv4 Flexfile Layout Driver Registering...
[    0.252927] Key type asymmetric registered
[    0.252931] Asymmetric key parser 'x509' registered
[    0.252954] Block layer SCSI generic (bsg) driver version 0.4 loaded (major 247)
[    0.252997] io scheduler mq-deadline registered
[    0.252999] io scheduler kyber registered
[    0.253014] io scheduler bfq registered
[    0.253330] irq_brcmstb_l2: registered L2 intc (/soc@107c000000/interrupt-controller@7d510600, parent irq: 27)
[    0.253374] irq_brcmstb_l2: registered L2 intc (/soc@107c000000/interrupt-controller@7c502000, parent irq: 28)
[    0.253404] irq_brcmstb_l2: registered L2 intc (/soc@107c000000/intc@7d508380, parent irq: 29)
[    0.253443] irq_brcmstb_l2: registered L2 intc (/soc@107c000000/intc@7d508400, parent irq: 30)
[    0.253471] irq_brcmstb_l2: registered L2 intc (/soc@107c000000/intc@7d503000, parent irq: 31)
[    0.254403] ledtrig-cpu: registered to indicate activity on CPUs
[    0.349191] Freeing initrd memory: 12976K
[    0.350037] simple-framebuffer 3f800000.framebuffer: framebuffer at 0x3f800000, 0x3f4800 bytes
[    0.350044] simple-framebuffer 3f800000.framebuffer: format=r5g6b5, mode=1920x1080x16, linelength=3840
[    0.350289] Console: switching to colour frame buffer device 240x67
[    0.351867] simple-framebuffer 3f800000.framebuffer: fb0: simplefb registered!
[    0.381477] Serial: 8250/16550 driver, 1 ports, IRQ sharing enabled
[    0.381754] 107d50c000.serial: ttyS0 at MMIO 0x107d50c000 (irq = 33, base_baud = 6000000) is a Broadcom BCM7271 UART
[    0.381793] serial serial0: tty port ttyS0 registered
[    0.382039] iproc-rng200 107d208000.rng: hwrng registered
[    0.382070] vc-mem: phys_addr:0x00000000 mem_base=0x3fc00000 mem_size:0x40000000(1024 MiB)
[    0.382244] bcm2712-iommu-cache 1000005b00.iommuc: bcm2712_iommu_cache_probe
[    0.383498] brd: module loaded
[    0.384325] loop: module loaded
[    0.384413] bcm2835-power bcm2835-power: Broadcom BCM2835 power domains driver
[    0.384513] Loading iSCSI transport class v2.0-870.
[    0.385177] usbcore: registered new interface driver lan78xx
[    0.385184] usbcore: registered new interface driver smsc95xx
[    0.385227] dwc_otg: version 3.00a 10-AUG-2012 (platform bus)
[    0.385241] dwc_otg: FIQ enabled
[    0.385242] dwc_otg: NAK holdoff enabled
[    0.385243] dwc_otg: FIQ split-transaction FSM enabled
[    0.385246] Module dwc_common_port init
[    0.385429] usbcore: registered new interface driver uas
[    0.385437] usbcore: registered new interface driver usb-storage
[    0.385497] mousedev: PS/2 mouse device common for all mice
[    0.393030] rpi-rtc soc@107c000000:rpi_rtc: registered as rtc0
[    0.394416] rpi-rtc soc@107c000000:rpi_rtc: setting system clock to 1970-01-01T00:00:09 UTC (9)
[    0.394702] bcm2835-wdt bcm2835-wdt: Poweroff handler already present!
[    0.394704] bcm2835-wdt bcm2835-wdt: Broadcom BCM2835 watchdog timer
[    0.396699] sdhci: Secure Digital Host Controller Interface driver
[    0.396700] sdhci: Copyright(c) Pierre Ossman
[    0.396727] sdhci-pltfm: SDHCI platform and OF driver helper
[    0.396789] SMCCC: SOC_ID: ARCH_SOC_ID not implemented, skipping ....
[    0.396797] hid: raw HID events driver (C) Jiri Kosina
[    0.396814] usbcore: registered new interface driver usbhid
[    0.396815] usbhid: USB HID core driver
[    0.397068] hw perfevents: enabled with armv8_cortex_a76 PMU driver, 7 (0,8000003f) counters available
[    0.397275] NET: Registered PF_PACKET protocol family
[    0.397296] Key type dns_resolver registered
[    0.400745] registered taskstats version 1
[    0.400805] Loading compiled-in X.509 certificates
[    0.402198] Demotion targets for Node 0: null
[    0.402201] Demotion targets for Node 1: null
[    0.402202] Demotion targets for Node 2: null
[    0.402203] Demotion targets for Node 3: null
[    0.402204] Demotion targets for Node 4: null
[    0.402205] Demotion targets for Node 5: null
[    0.402206] Demotion targets for Node 6: null
[    0.402207] Demotion targets for Node 7: null
[    0.402382] Key type .fscrypt registered
[    0.402384] Key type fscrypt-provisioning registered
[    0.403059] brcm-pcie 1000120000.pcie: host bridge /axi/pcie@1000120000 ranges:
[    0.403065] brcm-pcie 1000120000.pcie:   No bus range found for /axi/pcie@1000120000, using [bus 00-ff]
[    0.403073] brcm-pcie 1000120000.pcie:      MEM 0x1f00000000..0x1ffffffffb -> 0x0000000000
[    0.403077] brcm-pcie 1000120000.pcie:      MEM 0x1c00000000..0x1effffffff -> 0x0400000000
[    0.403082] brcm-pcie 1000120000.pcie:   IB MEM 0x1f00000000..0x1f003fffff -> 0x0000000000
[    0.403087] brcm-pcie 1000120000.pcie:   IB MEM 0x0000000000..0x0fffffffff -> 0x1000000000
[    0.403090] brcm-pcie 1000120000.pcie:   IB MEM 0x1000130000..0x1000130fff -> 0xfffffff000
[    0.404434] brcm-pcie 1000120000.pcie: PCI host bridge to bus 0002:00
[    0.404438] pci_bus 0002:00: root bus resource [bus 00-ff]
[    0.404440] pci_bus 0002:00: root bus resource [mem 0x1f00000000-0x1ffffffffb] (bus address [0x00000000-0xfffffffb])
[    0.404443] pci_bus 0002:00: root bus resource [mem 0x1c00000000-0x1effffffff pref] (bus address [0x400000000-0x6ffffffff])
[    0.404454] pci 0002:00:00.0: [14e4:2712] type 01 class 0x060400 PCIe Root Port
[    0.404460] pci 0002:00:00.0: PCI bridge to [bus 00]
[    0.404462] pci 0002:00:00.0:   bridge window [mem 0x1f80000000-0x1fbfffffff]
[    0.404479] pci 0002:00:00.0: PME# supported from D0 D3hot
[    0.405036] pci 0002:00:00.0: bridge configuration invalid ([bus 00-00]), reconfiguring
[    0.506559] brcm-pcie 1000120000.pcie: clkreq-mode set to default
[    0.506562] brcm-pcie 1000120000.pcie: link up, 5.0 GT/s PCIe x4 (!SSC)
[    0.506581] pci 0002:01:00.0: [1de4:0001] type 00 class 0x020000 PCIe Endpoint
[    0.506594] pci 0002:01:00.0: BAR 0 [mem 0xffffc000-0xffffffff]
[    0.506601] pci 0002:01:00.0: BAR 1 [mem 0xffc00000-0xffffffff]
[    0.506606] pci 0002:01:00.0: BAR 2 [mem 0xffff0000-0xffffffff]
[    0.506670] pci 0002:01:00.0: supports D1
[    0.506672] pci 0002:01:00.0: PME# supported from D0 D1 D3hot D3cold
[    0.514564] pci_bus 0002:01: busn_res: [bus 01-ff] end is updated to 01
[    0.514573] pci 0002:00:00.0: bridge window [mem 0x1f00000000-0x1f005fffff]: assigned
[    0.514576] pci 0002:01:00.0: BAR 1 [mem 0x1f00000000-0x1f003fffff]: assigned
[    0.514580] pci 0002:01:00.0: BAR 2 [mem 0x1f00400000-0x1f0040ffff]: assigned
[    0.514584] pci 0002:01:00.0: BAR 0 [mem 0x1f00410000-0x1f00413fff]: assigned
[    0.514588] pci 0002:00:00.0: PCI bridge to [bus 01]
[    0.514590] pci 0002:00:00.0:   bridge window [mem 0x1f00000000-0x1f005fffff]
[    0.514593] pci_bus 0002:00: resource 4 [mem 0x1f00000000-0x1ffffffffb]
[    0.514595] pci_bus 0002:00: resource 5 [mem 0x1c00000000-0x1effffffff pref]
[    0.514597] pci_bus 0002:01: resource 1 [mem 0x1f00000000-0x1f005fffff]
[    0.514601] pci 0002:00:00.0: Max Payload Size set to  256/ 512 (was  128), Max Read Rq  512
[    0.514608] pci 0002:01:00.0: Max Payload Size set to  256/ 256 (was  128), Max Read Rq  512
[    0.514667] pcieport 0002:00:00.0: enabling device (0000 -> 0002)
[    0.514693] pcieport 0002:00:00.0: PME: Signaling with IRQ 38
[    0.514742] pcieport 0002:00:00.0: AER: enabled with IRQ 38
[    0.514800] rp1 0002:01:00.0: bar0 len 0x4000, start 0x1f00410000, end 0x1f00413fff, flags, 0x40200
[    0.514803] rp1 0002:01:00.0: bar1 len 0x400000, start 0x1f00000000, end 0x1f003fffff, flags, 0x40200
[    0.514814] rp1 0002:01:00.0: enabling device (0000 -> 0002)
[    0.515415] rp1 0002:01:00.0: chip_id 0x20001927
[    0.519355] genirq: irq_chip rp1_irq_chip did not update eff. affinity mask of irq 100
[    0.534102] macb 1f00100000.ethernet eth0: Cadence GEM rev 0x00070109 at 0x1f00100000 irq 106 (d8:3a:dd:bf:13:6d)
[    0.534885] dw_axi_dmac_platform 1f00188000.dma: DesignWare AXI DMA Controller, 8 channels
[    0.535118] xhci-hcd xhci-hcd.0: xHCI Host Controller
[    0.535123] xhci-hcd xhci-hcd.0: new USB bus registered, assigned bus number 1
[    0.535554] xhci-hcd xhci-hcd.0: hcc params 0x0240fe6d hci version 0x110 quirks 0x0000808000000810
[    0.535562] xhci-hcd xhci-hcd.0: irq 131, io mem 0x1f00200000
[    0.535611] xhci-hcd xhci-hcd.0: xHCI Host Controller
[    0.535613] xhci-hcd xhci-hcd.0: new USB bus registered, assigned bus number 2
[    0.535615] xhci-hcd xhci-hcd.0: Host supports USB 3.0 SuperSpeed
[    0.535651] usb usb1: New USB device found, idVendor=1d6b, idProduct=0002, bcdDevice= 6.12
[    0.535654] usb usb1: New USB device strings: Mfr=3, Product=2, SerialNumber=1
[    0.535656] usb usb1: Product: xHCI Host Controller
[    0.535657] usb usb1: Manufacturer: Linux 6.12.34+rpt-rpi-2712 xhci-hcd
[    0.535659] usb usb1: SerialNumber: xhci-hcd.0
[    0.535756] hub 1-0:1.0: USB hub found
[    0.535767] hub 1-0:1.0: 2 ports detected
[    0.535859] usb usb2: New USB device found, idVendor=1d6b, idProduct=0003, bcdDevice= 6.12
[    0.535861] usb usb2: New USB device strings: Mfr=3, Product=2, SerialNumber=1
[    0.535863] usb usb2: Product: xHCI Host Controller
[    0.535865] usb usb2: Manufacturer: Linux 6.12.34+rpt-rpi-2712 xhci-hcd
[    0.535866] usb usb2: SerialNumber: xhci-hcd.0
[    0.535924] hub 2-0:1.0: USB hub found
[    0.535934] hub 2-0:1.0: 1 port detected
[    0.536147] xhci-hcd xhci-hcd.1: xHCI Host Controller
[    0.536150] xhci-hcd xhci-hcd.1: new USB bus registered, assigned bus number 3
[    0.536582] xhci-hcd xhci-hcd.1: hcc params 0x0240fe6d hci version 0x110 quirks 0x0000808000000810
[    0.536592] xhci-hcd xhci-hcd.1: irq 136, io mem 0x1f00300000
[    0.536643] xhci-hcd xhci-hcd.1: xHCI Host Controller
[    0.536645] xhci-hcd xhci-hcd.1: new USB bus registered, assigned bus number 4
[    0.536648] xhci-hcd xhci-hcd.1: Host supports USB 3.0 SuperSpeed
[    0.536671] usb usb3: New USB device found, idVendor=1d6b, idProduct=0002, bcdDevice= 6.12
[    0.536673] usb usb3: New USB device strings: Mfr=3, Product=2, SerialNumber=1
[    0.536675] usb usb3: Product: xHCI Host Controller
[    0.536677] usb usb3: Manufacturer: Linux 6.12.34+rpt-rpi-2712 xhci-hcd
[    0.536678] usb usb3: SerialNumber: xhci-hcd.1
[    0.536740] hub 3-0:1.0: USB hub found
[    0.536751] hub 3-0:1.0: 2 ports detected
[    0.536832] usb usb4: New USB device found, idVendor=1d6b, idProduct=0003, bcdDevice= 6.12
[    0.536834] usb usb4: New USB device strings: Mfr=3, Product=2, SerialNumber=1
[    0.536836] usb usb4: Product: xHCI Host Controller
[    0.536837] usb usb4: Manufacturer: Linux 6.12.34+rpt-rpi-2712 xhci-hcd
[    0.536839] usb usb4: SerialNumber: xhci-hcd.1
[    0.536894] hub 4-0:1.0: USB hub found
[    0.536903] hub 4-0:1.0: 1 port detected
[    0.537652] bcm2712-iommu 1000005100.iommu: bcm2712_iommu_init: DEBUG_INFO = 0x20804774
[    0.538061] bcm2712-iommu 1000005100.iommu: bcm2712_iommu_probe: Success
[    0.538516] bcm2712-iommu 1000005200.iommu: bcm2712_iommu_init: DEBUG_INFO = 0x20804774
[    0.538933] bcm2712-iommu 1000005200.iommu: bcm2712_iommu_probe: Success
[    0.539373] bcm2712-iommu 1000005280.iommu: bcm2712_iommu_init: DEBUG_INFO = 0x20804774
[    0.539764] bcm2712-iommu 1000005280.iommu: bcm2712_iommu_probe: Success
[    0.539972] sdhci-brcmstb 1000fff000.mmc: Got CD GPIO
[    0.540057] mmc0: CQHCI version 5.10
[    0.540236] mmc1: CQHCI version 5.10
[    0.542624] of_cfs_init
[    0.542661] of_cfs_init: OK
[    0.542745] clk: Disabling unused clocks
[    0.551355] PM: genpd: Disabling unused power domains
[    0.578431] mmc0: SDHCI controller on 1000fff000.mmc [1000fff000.mmc] using ADMA 64-bit
[    0.687128] mmc0: new ultra high speed SDR104 SDHC card at address 0001
[    0.687299] mmcblk0: mmc0:0001 USD 29.8 GiB
[    0.688309]  mmcblk0: p1 p2
[    0.688373] mmcblk0: mmc0:0001 USD 29.8 GiB
[    0.729093] mmc1: SDHCI controller on 1001100000.mmc [1001100000.mmc] using ADMA 64-bit
[    0.731932] Freeing unused kernel memory: 5696K
[    0.732004] Run /init as init process
[    0.732006]   with arguments:
[    0.732007]     /init
[    0.732008]     splash
[    0.732009]   with environment:
[    0.732010]     HOME=/
[    0.732011]     TERM=linux
[    0.762551] mmc1: new ultra high speed DDR50 SDIO card at address 0001
[    0.786593] usb 3-2: new low-speed USB device number 2 using xhci-hcd
[    0.827519] v3d 1002000000.v3d: [drm] Transparent Hugepage support is recommended for optimal performance on this platform!
[    0.832323] [drm] Initialized v3d 1.0.0 for 1002000000.v3d on minor 0
[    0.840108] vc4_hvs 107c580000.hvs: bcm2712_iommu_of_xlate: MMU 1000005200.iommu
[    0.840117] vc4_hvs 107c580000.hvs: bcm2712_iommu_probe_device: MMU 1000005200.iommu
[    0.840122] vc4_hvs 107c580000.hvs: bcm2712_iommu_device_group: MMU 1000005200.iommu
[    0.840127] vc4_hvs 107c580000.hvs: Adding to iommu group 1
[    0.840131] vc4_hvs 107c580000.hvs: bcm2712_iommu_attach_dev: MMU 1000005200.iommu
[    0.841157] vc4-drm axi:gpu: bcm2712_iommu_of_xlate: MMU 1000005200.iommu
[    0.841164] vc4-drm axi:gpu: bcm2712_iommu_probe_device: MMU 1000005200.iommu
[    0.841169] vc4-drm axi:gpu: bcm2712_iommu_device_group: MMU 1000005200.iommu
[    0.841173] vc4-drm axi:gpu: Adding to iommu group 1
[    0.841176] vc4-drm axi:gpu: bcm2712_iommu_attach_dev: MMU 1000005200.iommu
[    0.841759] Console: switching to colour dummy device 80x25
[    0.843861] vc4-drm axi:gpu: bound 107c580000.hvs (ops vc4_hvs_ops [vc4])
[    0.914564] usb 1-2: new low-speed USB device number 2 using xhci-hcd
[    0.961764] usb 3-2: New USB device found, idVendor=1a2c, idProduct=4094, bcdDevice= 1.10
[    0.961768] usb 3-2: New USB device strings: Mfr=1, Product=2, SerialNumber=0
[    0.961770] usb 3-2: Product: USB Keyboard
[    0.961772] usb 3-2: Manufacturer: SEMICO
[    1.000776] input: SEMICO USB Keyboard as /devices/platform/axi/1000120000.pcie/1f00300000.usb/xhci-hcd.1/usb3/3-2/3-2:1.0/0003:1A2C:4094.0001/input/input0
[    1.082737] usb 1-2: New USB device found, idVendor=1c4f, idProduct=0034, bcdDevice= 1.10
[    1.082741] usb 1-2: New USB device strings: Mfr=1, Product=2, SerialNumber=0
[    1.082743] usb 1-2: Product: Usb Mouse
[    1.082745] usb 1-2: Manufacturer: SIGMACHIP
[    1.111691] input: SIGMACHIP Usb Mouse as /devices/platform/axi/1000120000.pcie/1f00200000.usb/xhci-hcd.0/usb1/1-2/1-2:1.0/0003:1C4F:0034.0002/input/input1
[    1.126626] hid-generic 0003:1A2C:4094.0001: input,hidraw0: USB HID v1.10 Keyboard [SEMICO USB Keyboard] on usb-xhci-hcd.1-2/input0
[    1.127250] hid-generic 0003:1C4F:0034.0002: input,hidraw1: USB HID v1.10 Mouse [SIGMACHIP Usb Mouse] on usb-xhci-hcd.0-2/input0
[    1.129029] vc4-drm axi:gpu: bound 107c580000.hvs (ops vc4_hvs_ops [vc4])
[    1.133090] vc4-drm axi:gpu: bound 107c580000.hvs (ops vc4_hvs_ops [vc4])
[    1.144710] input: SEMICO USB Keyboard Consumer Control as /devices/platform/axi/1000120000.pcie/1f00300000.usb/xhci-hcd.1/usb3/3-2/3-2:1.1/0003:1A2C:4094.0003/input/input2
[    1.198607] input: SEMICO USB Keyboard System Control as /devices/platform/axi/1000120000.pcie/1f00300000.usb/xhci-hcd.1/usb3/3-2/3-2:1.1/0003:1A2C:4094.0003/input/input3
[    1.198651] hid-generic 0003:1A2C:4094.0003: input,hidraw2: USB HID v1.10 Device [SEMICO USB Keyboard] on usb-xhci-hcd.1-2/input1
[    1.200991] vc4-drm axi:gpu: bound 107c580000.hvs (ops vc4_hvs_ops [vc4])
[    1.928718] EXT4-fs (mmcblk0p2): mounted filesystem d6ecfcd5-2703-41bf-9301-10c403b6fb0c ro with ordered data mode. Quota mode: none.
[    2.183824] systemd[1]: System time before build time, advancing clock.
[    2.242342] NET: Registered PF_INET6 protocol family
[    2.242662] Segment Routing with IPv6
[    2.242670] In-situ OAM (IOAM) with IPv6
[    2.270768] systemd[1]: systemd 252.38-1~deb12u1 running in system mode (+PAM +AUDIT +SELINUX +APPARMOR +IMA +SMACK +SECCOMP +GCRYPT -GNUTLS +OPENSSL +ACL +BLKID +CURL +ELFUTILS +FIDO2 +IDN2 -IDN +IPTC +KMOD +LIBCRYPTSETUP +LIBFDISK +PCRE2 -PWQUALITY +P11KIT +QRENCODE +TPM2 +BZIP2 +LZ4 +XZ +ZLIB +ZSTD -BPF_FRAMEWORK -XKBCOMMON +UTMP +SYSVINIT default-hierarchy=unified)
[    2.270780] systemd[1]: Detected architecture arm64.
[    2.281374] systemd[1]: Hostname set to <raspberrypi>.
[    2.580717] systemd[1]: Queued start job for default target graphical.target.
[    2.610989] systemd[1]: Created slice system-getty.slice - Slice /system/getty.
[    2.611192] systemd[1]: Created slice system-modprobe.slice - Slice /system/modprobe.
[    2.611350] systemd[1]: Created slice system-serial\x2dgetty.slice - Slice /system/serial-getty.
[    2.611516] systemd[1]: Created slice system-systemd\x2dfsck.slice - Slice /system/systemd-fsck.
[    2.611619] systemd[1]: Created slice user.slice - User and Session Slice.
[    2.611669] systemd[1]: Started systemd-ask-password-wall.path - Forward Password Requests to Wall Directory Watch.
[    2.611801] systemd[1]: Set up automount proc-sys-fs-binfmt_misc.automount - Arbitrary Executable File Formats File System Automount Point.
[    2.611820] systemd[1]: Expecting device dev-disk-by\x2dpartuuid-2a69a05e\x2d01.device - /dev/disk/by-partuuid/2a69a05e-01...
[    2.611829] systemd[1]: Expecting device dev-dri-card0.device - /dev/dri/card0...
[    2.611836] systemd[1]: Expecting device dev-dri-renderD128.device - /dev/dri/renderD128...
[    2.611842] systemd[1]: Expecting device dev-ttyAMA10.device - /dev/ttyAMA10...
[    2.611867] systemd[1]: Reached target integritysetup.target - Local Integrity Protected Volumes.
[    2.611893] systemd[1]: Reached target nss-user-lookup.target - User and Group Name Lookups.
[    2.611911] systemd[1]: Reached target slices.target - Slice Units.
[    2.611926] systemd[1]: Reached target swap.target - Swaps.
[    2.611948] systemd[1]: Reached target veritysetup.target - Local Verity Protected Volumes.
[    2.612047] systemd[1]: Listening on systemd-fsckd.socket - fsck to fsckd communication Socket.
[    2.612096] systemd[1]: Listening on systemd-initctl.socket - initctl Compatibility Named Pipe.
[    2.612284] systemd[1]: Listening on systemd-journald-audit.socket - Journal Audit Socket.
[    2.612361] systemd[1]: Listening on systemd-journald-dev-log.socket - Journal Socket (/dev/log).
[    2.612445] systemd[1]: Listening on systemd-journald.socket - Journal Socket.
[    2.613115] systemd[1]: Listening on systemd-udevd-control.socket - udev Control Socket.
[    2.613186] systemd[1]: Listening on systemd-udevd-kernel.socket - udev Kernel Socket.
[    2.613290] systemd[1]: dev-hugepages.mount - Huge Pages File System was skipped because of an unmet condition check (ConditionPathExists=/sys/kernel/mm/hugepages).
[    2.613816] systemd[1]: Mounting dev-mqueue.mount - POSIX Message Queue File System...
[    2.614420] systemd[1]: Mounting sys-kernel-debug.mount - Kernel Debug File System...
[    2.615094] systemd[1]: Mounting sys-kernel-tracing.mount - Kernel Trace File System...
[    2.615224] systemd[1]: auth-rpcgss-module.service - Kernel Module supporting RPCSEC_GSS was skipped because of an unmet condition check (ConditionPathExists=/etc/krb5.keytab).
[    2.616564] systemd[1]: Starting fake-hwclock.service - Restore / save the current clock...
[    2.617430] systemd[1]: Starting keyboard-setup.service - Set the console keyboard layout...
[    2.618578] systemd[1]: Starting kmod-static-nodes.service - Create List of Static Device Nodes...
[    2.619732] systemd[1]: Starting modprobe@configfs.service - Load Kernel Module configfs...
[    2.620761] systemd[1]: Starting modprobe@dm_mod.service - Load Kernel Module dm_mod...
[    2.621833] systemd[1]: Starting modprobe@drm.service - Load Kernel Module drm...
[    2.623183] systemd[1]: Starting modprobe@efi_pstore.service - Load Kernel Module efi_pstore...
[    2.624521] systemd[1]: Starting modprobe@fuse.service - Load Kernel Module fuse...
[    2.626367] systemd[1]: Starting modprobe@loop.service - Load Kernel Module loop...
[    2.626525] systemd[1]: systemd-fsck-root.service - File System Check on Root Device was skipped because of an unmet condition check (ConditionPathExists=!/run/initramfs/fsck-root).
[    2.628178] systemd[1]: Starting systemd-journald.service - Journal Service...
[    2.642613] device-mapper: ioctl: 4.48.0-ioctl (2023-03-01) initialised: dm-devel@lists.linux.dev
[    2.643548] systemd[1]: Starting systemd-modules-load.service - Load Kernel Modules...
[    2.644353] systemd[1]: Starting systemd-remount-fs.service - Remount Root and Kernel File Systems...
[    2.645081] systemd[1]: Starting systemd-udev-trigger.service - Coldplug All udev Devices...
[    2.646432] systemd[1]: Mounted dev-mqueue.mount - POSIX Message Queue File System.
[    2.646823] systemd[1]: Mounted sys-kernel-debug.mount - Kernel Debug File System.
[    2.647048] systemd[1]: Mounted sys-kernel-tracing.mount - Kernel Trace File System.
[    2.647291] systemd[1]: Finished kmod-static-nodes.service - Create List of Static Device Nodes.
[    2.647610] systemd[1]: modprobe@configfs.service: Deactivated successfully.
[    2.647699] systemd[1]: Finished modprobe@configfs.service - Load Kernel Module configfs.
[    2.647873] systemd[1]: modprobe@dm_mod.service: Deactivated successfully.
[    2.647947] systemd[1]: Finished modprobe@dm_mod.service - Load Kernel Module dm_mod.
[    2.648121] systemd[1]: modprobe@efi_pstore.service: Deactivated successfully.
[    2.648189] systemd[1]: Finished modprobe@efi_pstore.service - Load Kernel Module efi_pstore.
[    2.648337] systemd[1]: modprobe@loop.service: Deactivated successfully.
[    2.648406] systemd[1]: Finished modprobe@loop.service - Load Kernel Module loop.
[    2.649404] systemd[1]: Mounting sys-kernel-config.mount - Kernel Configuration File System...
[    2.649486] systemd[1]: systemd-repart.service - Repartition Root Disk was skipped because no trigger condition checks were met.
[    2.649805] systemd[1]: modprobe@drm.service: Deactivated successfully.
[    2.649907] systemd[1]: Finished modprobe@drm.service - Load Kernel Module drm.
[    2.653196] systemd[1]: Mounted sys-kernel-config.mount - Kernel Configuration File System.
[    2.653761] fuse: init (API version 7.41)
[    2.654352] systemd[1]: modprobe@fuse.service: Deactivated successfully.
[    2.654617] systemd[1]: Finished modprobe@fuse.service - Load Kernel Module fuse.
[    2.655697] systemd[1]: Mounting sys-fs-fuse-connections.mount - FUSE Control File System...
[    2.657452] systemd[1]: Mounted sys-fs-fuse-connections.mount - FUSE Control File System.
[    2.678083] systemd[1]: Started systemd-journald.service - Journal Service.
[    2.689962] i2c_dev: i2c /dev entries driver
[    2.692709] EXT4-fs (mmcblk0p2): re-mounted d6ecfcd5-2703-41bf-9301-10c403b6fb0c r/w.
[    2.741574] systemd-journald[318]: Received client request to flush runtime journal.
[    3.027359] vc4-drm axi:gpu: bound 107c580000.hvs (ops vc4_hvs_ops [vc4])
[    3.040055] rpi-gpiomem 107d508500.gpiomem: window base 0x107d508500 size 0x00000040
[    3.040176] rpi-gpiomem 107d508500.gpiomem: initialised 1 regions as /dev/gpiomem1
[    3.042600] rpi-gpiomem 107d517c00.gpiomem: window base 0x107d517c00 size 0x00000040
[    3.043103] rpi-gpiomem 107d517c00.gpiomem: initialised 1 regions as /dev/gpiomem2
[    3.043325] rpi-gpiomem 107d504100.gpiomem: window base 0x107d504100 size 0x00000020
[    3.043976] vc4-drm axi:gpu: bound 107c580000.hvs (ops vc4_hvs_ops [vc4])
[    3.044385] rpi-gpiomem 107d504100.gpiomem: initialised 1 regions as /dev/gpiomem3
[    3.046494] rp1-firmware rp1_firmware: RP1 Firmware version eb39cfd516f8c90628aa9d91f52370aade5d0a55
[    3.047024] rpi-gpiomem 107d510700.gpiomem: window base 0x107d510700 size 0x00000020
[    3.049110] rpi-gpiomem 107d510700.gpiomem: initialised 1 regions as /dev/gpiomem4
[    3.049663] rpi-gpiomem 1f000d0000.gpiomem: window base 0x1f000d0000 size 0x00030000
[    3.049707] rpi-gpiomem 1f000d0000.gpiomem: initialised 1 regions as /dev/gpiomem0
[    3.050541] vc4-drm axi:gpu: bound 107c580000.hvs (ops vc4_hvs_ops [vc4])
[    3.055267] vc4-drm axi:gpu: bound 107c580000.hvs (ops vc4_hvs_ops [vc4])
[    3.063977] brcmstb-i2c 107d508200.i2c:  @97500hz registered in interrupt mode
[    3.067756] mc: Linux media interface: v0.10
[    3.067864] brcmstb-i2c 107d508280.i2c:  @97500hz registered in interrupt mode
[    3.070450] vc4-drm axi:gpu: bound 107c580000.hvs (ops vc4_hvs_ops [vc4])
[    3.071457] rp1-pio 1f00178000.pio: Created instance as pio0
[    3.078425] input: pwr_button as /devices/platform/pwr_button/input/input4
[    3.096076] Registered IR keymap rc-cec
[    3.107605] rc rc0: vc4-hdmi-0 as /devices/platform/soc@107c000000/107c701400.hdmi/rc/rc0
[    3.107660] input: vc4-hdmi-0 as /devices/platform/soc@107c000000/107c701400.hdmi/rc/rc0/input5
[    3.115279] videodev: Linux video capture interface: v2.00
[    3.122093] input: vc4-hdmi-0 HDMI Jack as /devices/platform/soc@107c000000/107c701400.hdmi/sound/card0/input6
[    3.124788] vc4-drm axi:gpu: bound 107c701400.hdmi (ops vc4_hdmi_ops [vc4])
[    3.126080] Registered IR keymap rc-cec
[    3.126127] rc rc1: vc4-hdmi-1 as /devices/platform/soc@107c000000/107c706400.hdmi/rc/rc1
[    3.126179] input: vc4-hdmi-1 as /devices/platform/soc@107c000000/107c706400.hdmi/rc/rc1/input7
[    3.127084] input: vc4-hdmi-1 HDMI Jack as /devices/platform/soc@107c000000/107c706400.hdmi/sound/card1/input8
[    3.128064] vc4-drm axi:gpu: bound 107c706400.hdmi (ops vc4_hdmi_ops [vc4])
[    3.128194] vc4-drm axi:gpu: bound 107c500000.mop (ops vc4_txp_ops [vc4])
[    3.128267] vc4-drm axi:gpu: bound 107c501000.moplet (ops vc4_txp_ops [vc4])
[    3.128316] vc4-drm axi:gpu: bound 107c410000.pixelvalve (ops vc4_crtc_ops [vc4])
[    3.128532] vc4-drm axi:gpu: bound 107c411000.pixelvalve (ops vc4_crtc_ops [vc4])
[    3.175920] pispbe 1000880000.pisp_be: bcm2712_iommu_of_xlate: MMU 1000005100.iommu
[    3.175927] pispbe 1000880000.pisp_be: bcm2712_iommu_probe_device: MMU 1000005100.iommu
[    3.175932] pispbe 1000880000.pisp_be: bcm2712_iommu_device_group: MMU 1000005100.iommu
[    3.175937] pispbe 1000880000.pisp_be: Adding to iommu group 0
[    3.175941] pispbe 1000880000.pisp_be: bcm2712_iommu_attach_dev: MMU 1000005100.iommu
[    3.178488] rpi-hevc-dec 1000800000.codec: bcm2712_iommu_of_xlate: MMU 1000005100.iommu
[    3.178496] rpi-hevc-dec 1000800000.codec: bcm2712_iommu_probe_device: MMU 1000005100.iommu
[    3.178502] rpi-hevc-dec 1000800000.codec: bcm2712_iommu_device_group: MMU 1000005100.iommu
[    3.178507] rpi-hevc-dec 1000800000.codec: Adding to iommu group 0
[    3.178510] rpi-hevc-dec 1000800000.codec: bcm2712_iommu_attach_dev: MMU 1000005100.iommu
[    3.191314] [drm] Initialized vc4 0.0.0 for axi:gpu on minor 1
[    3.198643] rpi-hevc-dec 1000800000.codec: Device registered as /dev/video19
[    3.233262] cfg80211: Loading compiled-in X.509 certificates for regulatory database
[    3.242198] Bluetooth: Core ver 2.22
[    3.242227] NET: Registered PF_BLUETOOTH protocol family
[    3.242229] Bluetooth: HCI device and connection manager initialized
[    3.242236] Bluetooth: HCI socket layer initialized
[    3.242239] Bluetooth: L2CAP socket layer initialized
[    3.242244] Bluetooth: SCO socket layer initialized
[    3.244485] Loaded X.509 cert 'benh@debian.org: 577e021cb980e0e820821ba7b54b4961b8b4fadf'
[    3.244687] Loaded X.509 cert 'romain.perier@gmail.com: 3abbc6ec146e09d1b6016ab9d6cf71dd233f0328'
[    3.244879] Loaded X.509 cert 'sforshee: 00b28ddf47aef9cea7'
[    3.245070] Loaded X.509 cert 'wens: 61c038651aabdcf94bd0ac7ff06c7248db18c600'
[    3.250498] Bluetooth: HCI UART driver ver 2.3
[    3.250505] Bluetooth: HCI UART protocol H4 registered
[    3.250523] Bluetooth: HCI UART protocol Three-wire (H5) registered
[    3.252766] hci_uart_bcm serial0-0: supply vbat not found, using dummy regulator
[    3.252816] hci_uart_bcm serial0-0: supply vddio not found, using dummy regulator
[    3.252995] Bluetooth: HCI UART protocol Broadcom registered
[    3.277403] brcmfmac: F1 signature read @0x18000000=0x15264345
[    3.299912] brcmfmac: brcmf_fw_alloc_request: using brcm/brcmfmac43455-sdio for chip BCM4345/6
[    3.300207] Console: switching to colour frame buffer device 320x90
[    3.300505] usbcore: registered new interface driver brcmfmac
[    3.318950] vc4-drm axi:gpu: [drm] fb0: vc4drmfb frame buffer device
[    3.495764] brcmfmac: brcmf_c_process_txcap_blob: no txcap_blob available (err=-2)
[    3.496028] brcmfmac: brcmf_c_preinit_dcmds: Firmware: BCM4345/6 wl0: Aug 29 2023 01:47:08 version 7.45.265 (28bca26 CY) FWID 01-b677b91b
[    3.603670] Bluetooth: hci0: BCM: chip id 107
[    3.605299] Bluetooth: hci0: BCM: features 0x2f
[    3.606625] Bluetooth: hci0: BCM4345C0
[    3.606628] Bluetooth: hci0: BCM4345C0 (003.001.025) build 0000
[    3.608029] Bluetooth: hci0: BCM4345C0 'brcm/BCM4345C0.raspberrypi,5-model-b.hcd' Patch
[    4.303195] Bluetooth: hci0: BCM: features 0x2f
[    4.304510] Bluetooth: hci0: BCM43455 37.4MHz Raspberry Pi 3+-0190
[    4.304512] Bluetooth: hci0: BCM4345C0 (003.001.025) build 0382
[    4.304797] Bluetooth: hci0: BCM: Using default device address (43:45:c0:00:1f:ac)
[    4.469422] Adding 524272k swap on /var/swap.  Priority:-2 extents:4 across:5177344k SS
[    4.600268] Bluetooth: BNEP (Ethernet Emulation) ver 1.3
[    4.600276] Bluetooth: BNEP filters: protocol multicast
[    4.600282] Bluetooth: BNEP socket layer initialized
[    4.601599] Bluetooth: MGMT ver 1.23
[    4.615891] NET: Registered PF_ALG protocol family
[    5.411455] macb 1f00100000.ethernet eth0: PHY [1f00100000.ethernet-ffffffff:01] driver [Broadcom BCM54213PE] (irq=POLL)
[    5.411463] macb 1f00100000.ethernet eth0: configuring for phy/rgmii-id link mode
[    5.414681] macb 1f00100000.ethernet: gem-ptp-timer ptp clock registered.
[    5.443641] brcmfmac: brcmf_cfg80211_set_power_mgmt: power save enabled
[    7.570088] Bluetooth: RFCOMM TTY layer initialized
[    7.570101] Bluetooth: RFCOMM socket layer initialized
[    7.570111] Bluetooth: RFCOMM ver 1.11
[   16.458622] ieee80211 phy0: brcmf_p2p_send_action_frame: Unknown Frame: category 0xa, action 0x8
[   85.613423] usb 1-2: USB disconnect, device number 2
[   85.907232] usb 1-2: new low-speed USB device number 3 using xhci-hcd
[   86.074427] usb 1-2: New USB device found, idVendor=1c4f, idProduct=0034, bcdDevice= 1.10
[   86.074434] usb 1-2: New USB device strings: Mfr=1, Product=2, SerialNumber=0
[   86.074438] usb 1-2: Product: Usb Mouse
[   86.074440] usb 1-2: Manufacturer: SIGMACHIP
[   86.107443] input: SIGMACHIP Usb Mouse as /devices/platform/axi/1000120000.pcie/1f00200000.usb/xhci-hcd.0/usb1/1-2/1-2:1.0/0003:1C4F:0034.0004/input/input9
[   86.107627] hid-generic 0003:1C4F:0034.0004: input,hidraw1: USB HID v1.10 Mouse [SIGMACHIP Usb Mouse] on usb-xhci-hcd.0-2/input0
[  105.756528] ieee80211 phy0: brcmf_p2p_send_action_frame: Unknown Frame: category 0xa, action 0x8
[  329.770034] warning: `ThreadPoolForeg' uses wireless extensions which will stop working for Wi-Fi 7 hardware; use nl80211
[ 2916.841763] usb 3-1: new full-speed USB device number 3 using xhci-hcd
[ 2917.026326] usb 3-1: New USB device found, idVendor=0403, idProduct=6001, bcdDevice= 6.00
[ 2917.026330] usb 3-1: New USB device strings: Mfr=1, Product=2, SerialNumber=3
[ 2917.026333] usb 3-1: Product: FT232R USB UART
[ 2917.026334] usb 3-1: Manufacturer: FTDI
[ 2917.026336] usb 3-1: SerialNumber: ABSCDGT1
[ 2917.056576] usbcore: registered new interface driver usbserial_generic
[ 2917.056829] usbserial: USB Serial support registered for generic
[ 2917.060873] usbcore: registered new interface driver ftdi_sio
[ 2917.060909] usbserial: USB Serial support registered for FTDI USB Serial Device
[ 2917.060958] ftdi_sio 3-1:1.0: FTDI USB Serial Device converter detected
[ 2917.061011] usb 3-1: Detected FT232R
[ 2917.067530] usb 3-1: FTDI USB Serial Device converter now attached to ttyUSB0
[ 2927.275528] usb 3-2: USB disconnect, device number 2
[ 2927.765395] usb 3-2: new low-speed USB device number 4 using xhci-hcd
[ 2927.931857] usb 3-2: New USB device found, idVendor=1a2c, idProduct=4094, bcdDevice= 1.10
[ 2927.931863] usb 3-2: New USB device strings: Mfr=1, Product=2, SerialNumber=0
[ 2927.931867] usb 3-2: Product: USB Keyboard
[ 2927.931869] usb 3-2: Manufacturer: SEMICO
[ 2927.966873] input: SEMICO USB Keyboard as /devices/platform/axi/1000120000.pcie/1f00300000.usb/xhci-hcd.1/usb3/3-2/3-2:1.0/0003:1A2C:4094.0005/input/input10
[ 2928.093503] hid-generic 0003:1A2C:4094.0005: input,hidraw0: USB HID v1.10 Keyboard [SEMICO USB Keyboard] on usb-xhci-hcd.1-2/input0
[ 2928.110846] input: SEMICO USB Keyboard Consumer Control as /devices/platform/axi/1000120000.pcie/1f00300000.usb/xhci-hcd.1/usb3/3-2/3-2:1.1/0003:1A2C:4094.0006/input/input11
[ 2928.165467] input: SEMICO USB Keyboard System Control as /devices/platform/axi/1000120000.pcie/1f00300000.usb/xhci-hcd.1/usb3/3-2/3-2:1.1/0003:1A2C:4094.0006/input/input12
[ 2928.165536] hid-generic 0003:1A2C:4094.0006: input,hidraw2: USB HID v1.10 Device [SEMICO USB Keyboard] on usb-xhci-hcd.1-2/input1
[331504.202083] ieee80211 phy0: brcmf_proto_bcdc_query_dcmd: brcmf_proto_bcdc_msg failed w/status -110


=== USB Devices (lsusb) ===
Bus 004 Device 001: ID 1d6b:0003 Linux Foundation 3.0 root hub
Bus 003 Device 004: ID 1a2c:4094 China Resource Semico Co., Ltd USB Keyboard
Bus 003 Device 003: ID 0403:6001 Future Technology Devices International, Ltd FT232 Serial (UART) IC
Bus 003 Device 001: ID 1d6b:0002 Linux Foundation 2.0 root hub
Bus 002 Device 001: ID 1d6b:0003 Linux Foundation 3.0 root hub
Bus 001 Device 003: ID 1c4f:0034 SiGma Micro XM102K Optical Wheel Mouse
Bus 001 Device 001: ID 1d6b:0002 Linux Foundation 2.0 root hub


=== Processes Using Serial Ports ===
No processes currently using /dev/ttyUSB0

=== Serial Port Settings (stty) ===

Settings for /dev/ttyUSB0:
speed 9600 baud; rows 0; columns 0; line = 0;
intr = ^C; quit = ^\; erase = ^?; kill = ^U; eof = ^D; eol = <undef>;
eol2 = <undef>; swtch = <undef>; start = ^Q; stop = ^S; susp = ^Z; rprnt = ^R;
werase = ^W; lnext = ^V; discard = ^O; min = 0; time = 0;
-parenb -parodd -cmspar cs8 hupcl -cstopb cread clocal -crtscts
-ignbrk -brkint -ignpar -parmrk -inpck -istrip -inlcr -igncr -icrnl -ixon -ixoff
-iuclc -ixany -imaxbel -iutf8
-opost -olcuc -ocrnl -onlcr -onocr -onlret -ofill -ofdel nl0 cr0 tab0 bs0 vt0 ff0
-isig -icanon -iexten -echo -echoe -echok -echonl -noflsh -xcase -tostop -echoprt
-echoctl -echoke -flusho -extproc


 Device check saved to: logs/serial_devices_20250714_020533.log

=== RECOMMENDATIONS ===
1. If you see only one /dev/ttyUSB0, both Pis might be using the same device
2. Check your cable - ensure it's a proper null modem cable, not a loopback cable
3. Verify each Pi has its own USB serial adapter
4. Try using different serial ports on each Pi (e.g., /dev/ttyUSB0 and /dev/ttyUSB1)
